[
  "Dan",
  "James",
  "Jason",
  "Katrina",
  "Llewellyn"
]
